Workflow Basic CI (testdata/workflows/ci_basic.yml)
  Job build
    â€¢ Run tests
