Workflow Env Workflow (testdata/workflows/ci_envs.yml)
  Job Unit Tests
    â€¢ Step One
